using geometry D88 (tilted)
Sun Sep  3 13:33:15 CEST 2023
Thread 7 (Thread 0x2b6e14131700 (LWP 184) "cmsRun"):
#0  0x00002b6de0602b3b in do_futex_wait.constprop () from /lib64/libpthread.so.0
#1  0x00002b6de0602bcf in __new_sem_wait_slow.constprop.0 () from /lib64/libpthread.so.0
#2  0x00002b6de0602c6b in sem_wait@@GLIBC_2.2.5 () from /lib64/libpthread.so.0
#3  0x00002b6de7161576 in XrdCl::JobManager::RunJobs() () from /cvmfs/cms.cern.ch/slc7_amd64_gcc10/cms/cmssw/CMSSW_12_6_0_pre5/external/slc7_amd64_gcc10/lib/libXrdCl.so.3
#4  0x00002b6de7161639 in RunRunnerThread () from /cvmfs/cms.cern.ch/slc7_amd64_gcc10/cms/cmssw/CMSSW_12_6_0_pre5/external/slc7_amd64_gcc10/lib/libXrdCl.so.3
#5  0x00002b6de05fcea5 in start_thread () from /lib64/libpthread.so.0
#6  0x00002b6de090fb0d in clone () from /lib64/libc.so.6
Thread 6 (Thread 0x2b6e13f30700 (LWP 183) "cmsRun"):
#0  0x00002b6de0602b3b in do_futex_wait.constprop () from /lib64/libpthread.so.0
#1  0x00002b6de0602bcf in __new_sem_wait_slow.constprop.0 () from /lib64/libpthread.so.0
#2  0x00002b6de0602c6b in sem_wait@@GLIBC_2.2.5 () from /lib64/libpthread.so.0
#3  0x00002b6de7161576 in XrdCl::JobManager::RunJobs() () from /cvmfs/cms.cern.ch/slc7_amd64_gcc10/cms/cmssw/CMSSW_12_6_0_pre5/external/slc7_amd64_gcc10/lib/libXrdCl.so.3
#4  0x00002b6de7161639 in RunRunnerThread () from /cvmfs/cms.cern.ch/slc7_amd64_gcc10/cms/cmssw/CMSSW_12_6_0_pre5/external/slc7_amd64_gcc10/lib/libXrdCl.so.3
#5  0x00002b6de05fcea5 in start_thread () from /lib64/libpthread.so.0
#6  0x00002b6de090fb0d in clone () from /lib64/libc.so.6
Thread 5 (Thread 0x2b6e13d2f700 (LWP 182) "cmsRun"):
#0  0x00002b6de0602b3b in do_futex_wait.constprop () from /lib64/libpthread.so.0
#1  0x00002b6de0602bcf in __new_sem_wait_slow.constprop.0 () from /lib64/libpthread.so.0
#2  0x00002b6de0602c6b in sem_wait@@GLIBC_2.2.5 () from /lib64/libpthread.so.0
#3  0x00002b6de7161576 in XrdCl::JobManager::RunJobs() () from /cvmfs/cms.cern.ch/slc7_amd64_gcc10/cms/cmssw/CMSSW_12_6_0_pre5/external/slc7_amd64_gcc10/lib/libXrdCl.so.3
#4  0x00002b6de7161639 in RunRunnerThread () from /cvmfs/cms.cern.ch/slc7_amd64_gcc10/cms/cmssw/CMSSW_12_6_0_pre5/external/slc7_amd64_gcc10/lib/libXrdCl.so.3
#5  0x00002b6de05fcea5 in start_thread () from /lib64/libpthread.so.0
#6  0x00002b6de090fb0d in clone () from /lib64/libc.so.6
Thread 4 (Thread 0x2b6e13b2e700 (LWP 181) "cmsRun"):
#0  0x00002b6de0603e9d in nanosleep () from /lib64/libpthread.so.0
#1  0x00002b6de6e9e10f in XrdSysTimer::Wait(int) () from /cvmfs/cms.cern.ch/slc7_amd64_gcc10/cms/cmssw/CMSSW_12_6_0_pre5/external/slc7_amd64_gcc10/lib/libXrdUtils.so.3
#2  0x00002b6de70cf2d3 in XrdCl::TaskManager::RunTasks() () from /cvmfs/cms.cern.ch/slc7_amd64_gcc10/cms/cmssw/CMSSW_12_6_0_pre5/external/slc7_amd64_gcc10/lib/libXrdCl.so.3
#3  0x00002b6de70cf429 in RunRunnerThread () from /cvmfs/cms.cern.ch/slc7_amd64_gcc10/cms/cmssw/CMSSW_12_6_0_pre5/external/slc7_amd64_gcc10/lib/libXrdCl.so.3
#4  0x00002b6de05fcea5 in start_thread () from /lib64/libpthread.so.0
#5  0x00002b6de090fb0d in clone () from /lib64/libc.so.6
Thread 3 (Thread 0x2b6e1392d700 (LWP 180) "cmsRun"):
#0  0x00002b6de09100e3 in epoll_wait () from /lib64/libc.so.6
#1  0x00002b6de6e985c2 in XrdSys::IOEvents::PollE::Begin(XrdSysSemaphore*, int&, char const**) () from /cvmfs/cms.cern.ch/slc7_amd64_gcc10/cms/cmssw/CMSSW_12_6_0_pre5/external/slc7_amd64_gcc10/lib/libXrdUtils.so.3
#2  0x00002b6de6e94d4d in XrdSys::IOEvents::BootStrap::Start(void*) () from /cvmfs/cms.cern.ch/slc7_amd64_gcc10/cms/cmssw/CMSSW_12_6_0_pre5/external/slc7_amd64_gcc10/lib/libXrdUtils.so.3
#3  0x00002b6de6e9d818 in XrdSysThread_Xeq () from /cvmfs/cms.cern.ch/slc7_amd64_gcc10/cms/cmssw/CMSSW_12_6_0_pre5/external/slc7_amd64_gcc10/lib/libXrdUtils.so.3
#4  0x00002b6de05fcea5 in start_thread () from /lib64/libpthread.so.0
#5  0x00002b6de090fb0d in clone () from /lib64/libc.so.6
Thread 2 (Thread 0x2b6e03a9d700 (LWP 173) "cmsRun"):
#0  0x00002b6de06041d9 in waitpid () from /lib64/libpthread.so.0
#1  0x00002b6de7732ad7 in edm::service::cmssw_stacktrace_fork() () from /cvmfs/cms.cern.ch/slc7_amd64_gcc10/cms/cmssw/CMSSW_12_6_0_pre5/lib/slc7_amd64_gcc10/pluginFWCoreServicesPlugins.so
#2  0x00002b6de77336ca in edm::service::InitRootHandlers::stacktraceHelperThread() () from /cvmfs/cms.cern.ch/slc7_amd64_gcc10/cms/cmssw/CMSSW_12_6_0_pre5/lib/slc7_amd64_gcc10/pluginFWCoreServicesPlugins.so
#3  0x00002b6de01d8f90 in std::execute_native_thread_routine (__p=0x2b6def6c5060) at ../../../../../libstdc++-v3/src/c++11/thread.cc:80
#4  0x00002b6de05fcea5 in start_thread () from /lib64/libpthread.so.0
#5  0x00002b6de090fb0d in clone () from /lib64/libc.so.6
Thread 1 (Thread 0x2b6de2992e40 (LWP 155) "cmsRun"):
#0  0x00002b6de0904ddd in poll () from /lib64/libc.so.6
#1  0x00002b6de7732dcf in full_read.constprop () from /cvmfs/cms.cern.ch/slc7_amd64_gcc10/cms/cmssw/CMSSW_12_6_0_pre5/lib/slc7_amd64_gcc10/pluginFWCoreServicesPlugins.so
#2  0x00002b6de773379c in edm::service::InitRootHandlers::stacktraceFromThread() () from /cvmfs/cms.cern.ch/slc7_amd64_gcc10/cms/cmssw/CMSSW_12_6_0_pre5/lib/slc7_amd64_gcc10/pluginFWCoreServicesPlugins.so
#3  0x00002b6de773624b in sig_dostack_then_abort () from /cvmfs/cms.cern.ch/slc7_amd64_gcc10/cms/cmssw/CMSSW_12_6_0_pre5/lib/slc7_amd64_gcc10/pluginFWCoreServicesPlugins.so
#4  <signal handler called>
#5  0x00002b6de0847387 in raise () from /lib64/libc.so.6
#6  0x00002b6de0848a78 in abort () from /lib64/libc.so.6
#7  0x00002b6de08401a6 in __assert_fail_base () from /lib64/libc.so.6
#8  0x00002b6de0840252 in __assert_fail () from /lib64/libc.so.6
#9  0x00002b6e11544331 in trklet::TrackletProcessor::execute(unsigned int, double, double) () from /afs/cern.ch/user/d/dabraham/private/test/CMSSW_12_6_0_pre5/lib/slc7_amd64_gcc10/libL1TriggerTrackFindingTracklet.so
#10 0x00002b6e114c0b59 in trklet::Sector::executeTP() () from /afs/cern.ch/user/d/dabraham/private/test/CMSSW_12_6_0_pre5/lib/slc7_amd64_gcc10/libL1TriggerTrackFindingTracklet.so
#11 0x00002b6e11531263 in trklet::TrackletEventProcessor::event(trklet::SLHCEvent&, std::vector<std::vector<std::__cxx11::basic_string<char, std::char_traits<char>, std::allocator<char> >, std::allocator<std::__cxx11::basic_string<char, std::char_traits<char>, std::allocator<char> > > >, std::allocator<std::vector<std::__cxx11::basic_string<char, std::char_traits<char>, std::allocator<char> >, std::allocator<std::__cxx11::basic_string<char, std::char_traits<char>, std::allocator<char> > > > > >&, std::vector<std::vector<trklet::StubStreamData, std::allocator<trklet::StubStreamData> >, std::allocator<std::vector<trklet::StubStreamData, std::allocator<trklet::StubStreamData> > > >&) () from /afs/cern.ch/user/d/dabraham/private/test/CMSSW_12_6_0_pre5/lib/slc7_amd64_gcc10/libL1TriggerTrackFindingTracklet.so
#12 0x00002b6e1136ba74 in L1FPGATrackProducer::produce(edm::Event&, edm::EventSetup const&) () from /afs/cern.ch/user/d/dabraham/private/test/CMSSW_12_6_0_pre5/lib/slc7_amd64_gcc10/pluginTrackFindingTrackletPlugins.so
#13 0x00002b6dde21e9ae in edm::one::EDProducerBase::doEvent(edm::EventTransitionInfo const&, edm::ActivityRegistry*, edm::ModuleCallingContext const*) () from /cvmfs/cms.cern.ch/slc7_amd64_gcc10/cms/cmssw/CMSSW_12_6_0_pre5/lib/slc7_amd64_gcc10/libFWCoreFramework.so
#14 0x00002b6dde20823f in edm::WorkerT<edm::one::EDProducerBase>::implDo(edm::EventTransitionInfo const&, edm::ModuleCallingContext const*) () from /cvmfs/cms.cern.ch/slc7_amd64_gcc10/cms/cmssw/CMSSW_12_6_0_pre5/lib/slc7_amd64_gcc10/libFWCoreFramework.so
#15 0x00002b6dde158b25 in decltype ({parm#1}()) edm::convertException::wrap<edm::Worker::runModule<edm::OccurrenceTraits<edm::EventPrincipal, (edm::BranchActionType)1> >(edm::OccurrenceTraits<edm::EventPrincipal, (edm::BranchActionType)1>::TransitionInfoType const&, edm::StreamID, edm::ParentContext const&, edm::OccurrenceTraits<edm::EventPrincipal, (edm::BranchActionType)1>::Context const*)::{lambda()#1}>(edm::Worker::runModule<edm::OccurrenceTraits<edm::EventPrincipal, (edm::BranchActionType)1> >(edm::OccurrenceTraits<edm::EventPrincipal, (edm::BranchActionType)1>::TransitionInfoType const&, edm::StreamID, edm::ParentContext const&, edm::OccurrenceTraits<edm::EventPrincipal, (edm::BranchActionType)1>::Context const*)::{lambda()#1}) () from /cvmfs/cms.cern.ch/slc7_amd64_gcc10/cms/cmssw/CMSSW_12_6_0_pre5/lib/slc7_amd64_gcc10/libFWCoreFramework.so
#16 0x00002b6dde158e13 in std::__exception_ptr::exception_ptr edm::Worker::runModuleAfterAsyncPrefetch<edm::OccurrenceTraits<edm::EventPrincipal, (edm::BranchActionType)1> >(std::__exception_ptr::exception_ptr, edm::OccurrenceTraits<edm::EventPrincipal, (edm::BranchActionType)1>::TransitionInfoType const&, edm::StreamID, edm::ParentContext const&, edm::OccurrenceTraits<edm::EventPrincipal, (edm::BranchActionType)1>::Context const*) () from /cvmfs/cms.cern.ch/slc7_amd64_gcc10/cms/cmssw/CMSSW_12_6_0_pre5/lib/slc7_amd64_gcc10/libFWCoreFramework.so
#17 0x00002b6dde15bb5a in void edm::SerialTaskQueueChain::actionToRun<edm::Worker::RunModuleTask<edm::OccurrenceTraits<edm::EventPrincipal, (edm::BranchActionType)1> >::execute()::{lambda()#1}&>(edm::Worker::RunModuleTask<edm::OccurrenceTraits<edm::EventPrincipal, (edm::BranchActionType)1> >::execute()::{lambda()#1}&) () from /cvmfs/cms.cern.ch/slc7_amd64_gcc10/cms/cmssw/CMSSW_12_6_0_pre5/lib/slc7_amd64_gcc10/libFWCoreFramework.so
#18 0x00002b6dde15bdd1 in edm::SerialTaskQueue::QueuedTask<edm::SerialTaskQueueChain::push<edm::Worker::RunModuleTask<edm::OccurrenceTraits<edm::EventPrincipal, (edm::BranchActionType)1> >::execute()::{lambda()#1}&>(tbb::detail::d1::task_group&, edm::Worker::RunModuleTask<edm::OccurrenceTraits<edm::EventPrincipal, (edm::BranchActionType)1> >::execute()::{lambda()#1}&)::{lambda()#1}>::execute() () from /cvmfs/cms.cern.ch/slc7_amd64_gcc10/cms/cmssw/CMSSW_12_6_0_pre5/lib/slc7_amd64_gcc10/libFWCoreFramework.so
#19 0x00002b6dddef3175 in tbb::detail::d1::function_task<edm::SerialTaskQueue::spawn(edm::SerialTaskQueue::TaskBase&)::{lambda()#1}>::execute(tbb::detail::d1::execution_data&) () from /cvmfs/cms.cern.ch/slc7_amd64_gcc10/cms/cmssw/CMSSW_12_6_0_pre5/lib/slc7_amd64_gcc10/libFWCoreConcurrency.so
#20 0x00002b6ddf9eebec in tbb::detail::r1::task_dispatcher::local_wait_for_all<false, tbb::detail::r1::external_waiter> (waiter=..., t=0x2b6de4089f00, this=0x2b6de40b7700) at /data/cmsbld/jenkins/workspace/auto-builds/CMSSW_12_6_0_pre3-slc7_amd64_gcc10/build/CMSSW_12_6_0_pre3-build/BUILD/slc7_amd64_gcc10/external/tbb/v2021.5.0-36aff7df349e0716374b1668ccd18e17/tbb-v2021.5.0/src/tbb/task_dispatcher.h:322
#21 tbb::detail::r1::task_dispatcher::local_wait_for_all<tbb::detail::r1::external_waiter> (waiter=..., t=<optimized out>, this=0x2b6de40b7700) at /data/cmsbld/jenkins/workspace/auto-builds/CMSSW_12_6_0_pre3-slc7_amd64_gcc10/build/CMSSW_12_6_0_pre3-build/BUILD/slc7_amd64_gcc10/external/tbb/v2021.5.0-36aff7df349e0716374b1668ccd18e17/tbb-v2021.5.0/src/tbb/task_dispatcher.h:463
#22 tbb::detail::r1::task_dispatcher::execute_and_wait (t=<optimized out>, wait_ctx=..., w_ctx=...) at /data/cmsbld/jenkins/workspace/auto-builds/CMSSW_12_6_0_pre3-slc7_amd64_gcc10/build/CMSSW_12_6_0_pre3-build/BUILD/slc7_amd64_gcc10/external/tbb/v2021.5.0-36aff7df349e0716374b1668ccd18e17/tbb-v2021.5.0/src/tbb/task_dispatcher.cpp:168
#23 0x00002b6dde0d322d in edm::FinalWaitingTask::wait() () from /cvmfs/cms.cern.ch/slc7_amd64_gcc10/cms/cmssw/CMSSW_12_6_0_pre5/lib/slc7_amd64_gcc10/libFWCoreFramework.so
#24 0x00002b6dde0bb310 in edm::EventProcessor::processRuns() () from /cvmfs/cms.cern.ch/slc7_amd64_gcc10/cms/cmssw/CMSSW_12_6_0_pre5/lib/slc7_amd64_gcc10/libFWCoreFramework.so
#25 0x00002b6dde0c7da1 in edm::EventProcessor::runToCompletion() () from /cvmfs/cms.cern.ch/slc7_amd64_gcc10/cms/cmssw/CMSSW_12_6_0_pre5/lib/slc7_amd64_gcc10/libFWCoreFramework.so
#26 0x000000000040a266 in tbb::detail::d1::task_arena_function<main::{lambda()#1}::operator()() const::{lambda()#1}, void>::operator()() const ()
#27 0x00002b6ddf9dd0eb in tbb::detail::r1::task_arena_impl::execute (ta=..., d=...) at /data/cmsbld/jenkins/workspace/auto-builds/CMSSW_12_6_0_pre3-slc7_amd64_gcc10/build/CMSSW_12_6_0_pre3-build/BUILD/slc7_amd64_gcc10/external/tbb/v2021.5.0-36aff7df349e0716374b1668ccd18e17/tbb-v2021.5.0/src/tbb/arena.cpp:698
#28 0x000000000040b094 in main::{lambda()#1}::operator()() const ()
#29 0x000000000040971c in main ()
