
efficiency for |eta| < 1.0 = 91.3181 +- 0.396419
efficiency for 1.0 < |eta| < 1.75 = 86.1517 +- 0.738424
efficiency for 1.75 < |eta| < 2.4 = 80.6701 +- 1.41756
combined efficiency for |eta| < 2.4 = 88.875 +- 0.351358 = 7118/8009

efficiency for pt > 2 = 88.875 +- 0.351358
efficiency for 2 < pt < 8.0 = 92.1871 +- 0.413569
efficiency for pt > 8.0 = 85.2027 +- 0.576156
efficiency for pt > 40.0 = 81.6822 +- 1.67233

# TP/event (pt > 2) = 1.16956
# TP/event (pt > 3.0) = 0.840444
# TP/event (pt > 10.0) = 0.349778
# tracks/event (no pt cut)= 1.56089
# tracks/event (pt > 2) = 1.52478
# tracks/event (pt > 3.0) = 1.15344
# tracks/event (pt > 10.0) = 0.502556
max # tracks/event total = 80
