hybridvsnewkf_TTbar_PU200_D88_HYBRID:
efficiency for |eta| < 1.0 = 95.1118 +- 0.0614271
efficiency for 1.0 < |eta| < 1.75 = 94.2469 +- 0.0898606
efficiency for 1.75 < |eta| < 2.4 = 95.074 +- 0.114263
combined efficiency for |eta| < 2.4 = 94.8491 +- 0.0464707 = 214580/226233

efficiency for pt > 2 = 94.8491 +- 0.0464707
efficiency for 2 < pt < 8.0 = 95.0439 +- 0.0526649
efficiency for pt > 8.0 = 94.2625 +- 0.0979235
efficiency for pt > 40.0 = 93.2122 +- 0.38887

# TP/event (pt > 2) = 153.927
# TP/event (pt > 3.0) = 51.4113
# TP/event (pt > 10.0) = 4.5791
# tracks/event (no pt cut)= 180.313
# tracks/event (pt > 2) = 166.496
# tracks/event (pt > 3.0) = 58.0397
# tracks/event (pt > 10.0) = 5.8297
max # tracks/event total = 275


hybridvsnewkf_TTbar_PU200_D88_NEWKF:
efficiency for |eta| < 1.0 = 95.3734 +- 0.0624304
efficiency for 1.0 < |eta| < 1.75 = 94.7891 +- 0.0896003
efficiency for 1.75 < |eta| < 2.4 = 93.2704 +- 0.137846
combined efficiency for |eta| < 2.4 = 94.866 +- 0.0484161 = 197105/207772

efficiency for pt > 2 = 94.866 +- 0.0484161
efficiency for 2 < pt < 8.0 = 94.9244 +- 0.055577
efficiency for pt > 8.0 = 94.6901 +- 0.0985309
efficiency for pt > 40.0 = 93.794 +- 0.389593

# TP/event (pt > 2) = 153.95
# TP/event (pt > 3.0) = 51.4238
# TP/event (pt > 10.0) = 4.58452
# tracks/event (no pt cut)= 214.238
# tracks/event (pt > 2) = 188.536
# tracks/event (pt > 3.0) = 69.5105
# tracks/event (pt > 10.0) = 8.13886
max # tracks/event total = 329

Single Muon PU0 D88 Hybrid:
efficiency for |eta| < 1.0 = 99.7076 +- 0.0215264
efficiency for 1.0 < |eta| < 1.75 = 98.8435 +- 0.0491605
efficiency for 1.75 < |eta| < 2.4 = 99.3147 +- 0.0405282
combined efficiency for |eta| < 2.4 = 99.3307 +- 0.0209365 = 150645/151660

efficiency for pt > 2 = 99.3307 +- 0.0209365
efficiency for 2 < pt < 8.0 = 99.1447 +- 0.0958114
efficiency for pt > 8.0 = 99.3428 +- 0.0214104
efficiency for pt > 40.0 = 99.3331 +- 0.0266728

# TP/event (pt > 2) = 1.59642
# TP/event (pt > 3.0) = 1.57997
# TP/event (pt > 10.0) = 1.46655
# tracks/event (no pt cut)= 1.60797
# tracks/event (pt > 2) = 1.58914
# tracks/event (pt > 3.0) = 1.57335
# tracks/event (pt > 10.0) = 1.46134
max # tracks/event total = 4


Single Muon PU0 D88 Newkf:
efficiency for |eta| < 1.0 = 99.9236 +- 0.0137136
efficiency for 1.0 < |eta| < 1.75 = 99.0723 +- 0.0551832
efficiency for 1.75 < |eta| < 2.4 = 99.5358 +- 0.0415874
combined efficiency for |eta| < 2.4 = 99.5538 +- 0.0213478 = 97046/97481

efficiency for pt > 2 = 99.5538 +- 0.0213478
efficiency for 2 < pt < 8.0 = 99.4946 +- 0.0920381
efficiency for pt > 8.0 = 99.5576 +- 0.0219346
efficiency for pt > 40.0 = 99.551 +- 0.0273117

# TP/event (pt > 2) = 1.59499
# TP/event (pt > 3.0) = 1.57894
# TP/event (pt > 10.0) = 1.46584
# tracks/event (no pt cut)= 1.75784
# tracks/event (pt > 2) = 1.73459
# tracks/event (pt > 3.0) = 1.7179
# tracks/event (pt > 10.0) = 1.59276
max # tracks/event total = 9


Single Electron PU0 D88 Hybrid:
efficiency for |eta| < 1.0 = 92.2454 +- 0.111224
efficiency for 1.0 < |eta| < 1.75 = 90.2604 +- 0.143292
efficiency for 1.75 < |eta| < 2.4 = 87.0447 +- 0.175878
combined efficiency for |eta| < 2.4 = 90.2425 +- 0.0801426 = 123718/137095

efficiency for pt > 2 = 90.2425 +- 0.0801426
efficiency for 2 < pt < 8.0 = 77.073 +- 0.494169
efficiency for pt > 8.0 = 90.9764 +- 0.0795095
efficiency for pt > 40.0 = 92.2454 +- 0.0915871

# TP/event (pt > 2) = 1.49831
# TP/event (pt > 3.0) = 1.48738
# TP/event (pt > 10.0) = 1.38984
# tracks/event (no pt cut)= 1.84031
# tracks/event (pt > 2) = 1.80245
# tracks/event (pt > 3.0) = 1.73174
# tracks/event (pt > 10.0) = 1.37859
max # tracks/event total = 24


Single Electron PU0 D88 Newkf:
efficiency for |eta| < 1.0 = 92.8059 +- 0.111972
efficiency for 1.0 < |eta| < 1.75 = 91.9979 +- 0.136776
efficiency for 1.75 < |eta| < 2.4 = 87.5786 +- 0.180424
combined efficiency for |eta| < 2.4 = 91.1674 +- 0.0799357 = 114891/126022

efficiency for pt > 2 = 91.1674 +- 0.0799357
efficiency for 2 < pt < 8.0 = 78.6458 +- 0.503257
efficiency for pt > 8.0 = 91.8629 +- 0.0791261
efficiency for pt > 40.0 = 92.9763 +- 0.0913133

# TP/event (pt > 2) = 1.49941
# TP/event (pt > 3.0) = 1.48841
# TP/event (pt > 10.0) = 1.39113
# tracks/event (no pt cut)= 2.44228
# tracks/event (pt > 2) = 2.38297
# tracks/event (pt > 3.0) = 2.29971
# tracks/event (pt > 10.0) = 1.80317
max # tracks/event total = 41