
efficiency for |eta| < 1.0 = 96.1251 +- 0.0664873
efficiency for 1.0 < |eta| < 1.75 = 94.1235 +- 0.113548
efficiency for 1.75 < |eta| < 2.4 = 66.7284 +- 0.333337
combined efficiency for |eta| < 2.4 = 91.5496 +- 0.0725104 = 134707/147141

efficiency for pt > 2 = 91.5496 +- 0.0725104
efficiency for 2 < pt < 8.0 = 91.7865 +- 0.0871374
efficiency for pt > 8.0 = 91.058 +- 0.130443
efficiency for pt > 40.0 = 90.8753 +- 0.468987

# TP/event (pt > 2) = 26.7754
# TP/event (pt > 3.0) = 15.7394
# TP/event (pt > 10.0) = 4.06589
# tracks/event (no pt cut)= 31.3222
# tracks/event (pt > 2) = 30.1698
# tracks/event (pt > 3.0) = 18.6024
# tracks/event (pt > 10.0) = 5.11744
max # tracks/event total = 147
