
efficiency for |eta| < 1.0 = 94.9389 +- 0.0755898
efficiency for 1.0 < |eta| < 1.75 = 93.9373 +- 0.115216
efficiency for 1.75 < |eta| < 2.4 = 94.3895 +- 0.163094
combined efficiency for |eta| < 2.4 = 94.572 +- 0.0591134 = 138930/146904

efficiency for pt > 2 = 94.572 +- 0.0591134
efficiency for 2 < pt < 8.0 = 94.7724 +- 0.0706957
efficiency for pt > 8.0 = 94.1561 +- 0.107318
efficiency for pt > 40.0 = 93.2415 +- 0.408684

# TP/event (pt > 2) = 26.7338
# TP/event (pt > 3.0) = 15.7111
# TP/event (pt > 10.0) = 4.05789
# tracks/event (no pt cut)= 32.2149
# tracks/event (pt > 2) = 30.9336
# tracks/event (pt > 3.0) = 18.9939
# tracks/event (pt > 10.0) = 5.14511
max # tracks/event total = 109
