
efficiency for |eta| < 1.0 = 92.8549 +- 0.173765
efficiency for 1.0 < |eta| < 1.75 = 91.8736 +- 0.267012
efficiency for 1.75 < |eta| < 2.4 = 71.2711 +- 0.692959
combined efficiency for |eta| < 2.4 = 90.0678 +- 0.156106 = 33063/36709

efficiency for pt > 2 = 90.0678 +- 0.156106
efficiency for 2 < pt < 8.0 = 90.8979 +- 0.194045
efficiency for pt > 8.0 = 88.8301 +- 0.259487
efficiency for pt > 40.0 = 88.0117 +- 0.878226

# TP/event (pt > 2) = 7.5969
# TP/event (pt > 3.0) = 4.92817
# TP/event (pt > 10.0) = 1.65761
# tracks/event (no pt cut)= 12.0727
# tracks/event (pt > 2) = 11.542
# tracks/event (pt > 3.0) = 8.24704
# tracks/event (pt > 10.0) = 3.22155
max # tracks/event total = 103
