
efficiency for |eta| < 1.0 = 93.5668 +- 0.175798
efficiency for 1.0 < |eta| < 1.75 = 92.4508 +- 0.275536
efficiency for 1.75 < |eta| < 2.4 = 87.7038 +- 0.536909
combined efficiency for |eta| < 2.4 = 92.5735 +- 0.145643 = 30004/32411

efficiency for pt > 2 = 92.5735 +- 0.145643
efficiency for 2 < pt < 8.0 = 93.0757 +- 0.182492
efficiency for pt > 8.0 = 91.8294 +- 0.239697
efficiency for pt > 40.0 = 91.2901 +- 0.808303

# TP/event (pt > 2) = 7.59283
# TP/event (pt > 3.0) = 4.92861
# TP/event (pt > 10.0) = 1.66104
# tracks/event (no pt cut)= 12.3006
# tracks/event (pt > 2) = 11.7393
# tracks/event (pt > 3.0) = 8.40765
# tracks/event (pt > 10.0) = 3.26135
max # tracks/event total = 109
