
efficiency for |eta| < 1.0 = 95.3013 +- 0.297954
efficiency for 1.0 < |eta| < 1.75 = 91.6592 +- 0.585517
efficiency for 1.75 < |eta| < 2.4 = 56.9853 +- 1.73318
combined efficiency for |eta| < 2.4 = 90.4326 +- 0.327028 = 7316/8090

efficiency for pt > 2 = 90.4326 +- 0.327028
efficiency for 2 < pt < 8.0 = 91.3391 +- 0.431485
efficiency for pt > 8.0 = 89.4298 +- 0.496089
efficiency for pt > 40.0 = 88.6029 +- 1.36245

# TP/event (pt > 2) = 1.18589
# TP/event (pt > 3.0) = 0.850111
# TP/event (pt > 10.0) = 0.353333
# tracks/event (no pt cut)= 1.76167
# tracks/event (pt > 2) = 1.72711
# tracks/event (pt > 3.0) = 1.34722
# tracks/event (pt > 10.0) = 0.612556
max # tracks/event total = 125
