
efficiency for |eta| < 1.0 = 96.0159 +- 0.275365
efficiency for 1.0 < |eta| < 1.75 = 94.0585 +- 0.505386
efficiency for 1.75 < |eta| < 2.4 = 94.9742 +- 0.784284
combined efficiency for |eta| < 2.4 = 95.3802 +- 0.234559 = 7639/8009

efficiency for pt > 2 = 95.3802 +- 0.234559
efficiency for 2 < pt < 8.0 = 95.7492 +- 0.310892
efficiency for pt > 8.0 = 94.971 +- 0.354615
efficiency for pt > 40.0 = 92.3364 +- 1.15007

# TP/event (pt > 2) = 1.16956
# TP/event (pt > 3.0) = 0.840444
# TP/event (pt > 10.0) = 0.349778
# tracks/event (no pt cut)= 2.00078
# tracks/event (pt > 2) = 1.96344
# tracks/event (pt > 3.0) = 1.56178
# tracks/event (pt > 10.0) = 0.709667
max # tracks/event total = 162
