
efficiency for |eta| < 1.0 = 96.3508 +- 0.315379
efficiency for 1.0 < |eta| < 1.75 = 92.0949 +- 0.692527
efficiency for 1.75 < |eta| < 2.4 = 89.0772 +- 1.35364
combined efficiency for |eta| < 2.4 = 94.5022 +- 0.305031 = 5277/5584

efficiency for pt > 2 = 94.5022 +- 0.305031
efficiency for 2 < pt < 8.0 = 94.8387 +- 0.407689
efficiency for pt > 8.0 = 94.1266 +- 0.457702
efficiency for pt > 40.0 = 92.6316 +- 1.34022

# TP/event (pt > 2) = 1.17291
# TP/event (pt > 3.0) = 0.84255
# TP/event (pt > 10.0) = 0.350438
# tracks/event (no pt cut)= 2.61546
# tracks/event (pt > 2) = 2.54741
# tracks/event (pt > 3.0) = 2.09737
# tracks/event (pt > 10.0) = 1.03092
max # tracks/event total = 171
