
efficiency for |eta| < 1.0 = 96.6034 +- 0.107355
efficiency for 1.0 < |eta| < 1.75 = 95.2735 +- 0.183806
efficiency for 1.75 < |eta| < 2.4 = 96.0264 +- 0.264334
combined efficiency for |eta| < 2.4 = 96.1617 +- 0.0883743 = 45446/47260

efficiency for pt > 2 = 96.1617 +- 0.0883743
efficiency for 2 < pt < 8.0 = 95.9351 +- 0.11756
efficiency for pt > 8.0 = 96.4974 +- 0.133225
efficiency for pt > 40.0 = 95.0399 +- 0.518421

# TP/event (pt > 2) = 7.69567
# TP/event (pt > 3.0) = 5.00778
# TP/event (pt > 10.0) = 1.687
# tracks/event (no pt cut)= 10.9818
# tracks/event (pt > 2) = 10.6713
# tracks/event (pt > 3.0) = 7.57567
# tracks/event (pt > 10.0) = 2.79289
max # tracks/event total = 162
