
efficiency for |eta| < 1.0 = 88.7694 +- 0.531053
efficiency for 1.0 < |eta| < 1.75 = 85.9684 +- 0.89143
efficiency for 1.75 < |eta| < 2.4 = 75.1412 +- 1.87556
combined efficiency for |eta| < 2.4 = 86.712 +- 0.454251 = 4842/5584

efficiency for pt > 2 = 86.712 +- 0.454251
efficiency for 2 < pt < 8.0 = 89.4737 +- 0.565514
efficiency for pt > 8.0 = 83.6302 +- 0.720251
efficiency for pt > 40.0 = 83.9474 +- 1.88315

# TP/event (pt > 2) = 1.17291
# TP/event (pt > 3.0) = 0.84255
# TP/event (pt > 10.0) = 0.350438
# tracks/event (no pt cut)= 1.94231
# tracks/event (pt > 2) = 1.87793
# tracks/event (pt > 3.0) = 1.46534
# tracks/event (pt > 10.0) = 0.678884
max # tracks/event total = 92
