
efficiency for |eta| < 1.0 = 86.4324 +- 0.54842
efficiency for 1.0 < |eta| < 1.75 = 83.8286 +- 0.880139
efficiency for 1.75 < |eta| < 2.4 = 59.2295 +- 1.96878
combined efficiency for |eta| < 2.4 = 83.0038 +- 0.474266 = 5206/6272

efficiency for pt > 2 = 83.0038 +- 0.474266
efficiency for 2 < pt < 8.0 = 86.5617 +- 0.593355
efficiency for pt > 8.0 = 79.0431 +- 0.747074
efficiency for pt > 40.0 = 78.6385 +- 1.98577

# TP/event (pt > 2) = 1.16549
# TP/event (pt > 3.0) = 0.834366
# TP/event (pt > 10.0) = 0.347042
# tracks/event (no pt cut)= 1.88
# tracks/event (pt > 2) = 1.81817
# tracks/event (pt > 3.0) = 1.41521
# tracks/event (pt > 10.0) = 0.675775
max # tracks/event total = 87
