
efficiency for |eta| < 1.0 = 92.8713 +- 0.432765
efficiency for 1.0 < |eta| < 1.75 = 91.3043 +- 0.723204
efficiency for 1.75 < |eta| < 2.4 = 88.7006 +- 1.37387
combined efficiency for |eta| < 2.4 = 92.0487 +- 0.362039 = 5140/5584

efficiency for pt > 2 = 92.0487 +- 0.362039
efficiency for 2 < pt < 8.0 = 93.0051 +- 0.470004
efficiency for pt > 8.0 = 90.9814 +- 0.557604
efficiency for pt > 40.0 = 90.2632 +- 1.5208

# TP/event (pt > 2) = 1.17291
# TP/event (pt > 3.0) = 0.84255
# TP/event (pt > 10.0) = 0.350438
# tracks/event (no pt cut)= 2.5106
# tracks/event (pt > 2) = 2.44159
# tracks/event (pt > 3.0) = 1.99203
# tracks/event (pt > 10.0) = 0.982151
max # tracks/event total = 143
