
efficiency for |eta| < 1.0 = 95.92 +- 0.068219
efficiency for 1.0 < |eta| < 1.75 = 94.5947 +- 0.109171
efficiency for 1.75 < |eta| < 2.4 = 94.716 +- 0.158551
combined efficiency for |eta| < 2.4 = 95.3698 +- 0.0548264 = 140102/146904

efficiency for pt > 2 = 95.3698 +- 0.0548264
efficiency for 2 < pt < 8.0 = 95.4755 +- 0.0660132
efficiency for pt > 8.0 = 95.1503 +- 0.0982784
efficiency for pt > 40.0 = 93.9041 +- 0.389511

# TP/event (pt > 2) = 26.7338
# TP/event (pt > 3.0) = 15.7111
# TP/event (pt > 10.0) = 4.05789
# tracks/event (no pt cut)= 32.5613
# tracks/event (pt > 2) = 31.2709
# tracks/event (pt > 3.0) = 19.2447
# tracks/event (pt > 10.0) = 5.22833
max # tracks/event total = 114
