
efficiency for |eta| < 1.0 = 96.6609 +- 0.0744383
efficiency for 1.0 < |eta| < 1.75 = 95.1389 +- 0.124646
efficiency for 1.75 < |eta| < 2.4 = 93.8965 +- 0.204917
combined efficiency for |eta| < 2.4 = 95.8442 +- 0.0625934 = 97439/101664

efficiency for pt > 2 = 95.8442 +- 0.0625934
efficiency for 2 < pt < 8.0 = 95.6023 +- 0.0782972
efficiency for pt > 8.0 = 96.3456 +- 0.103163
efficiency for pt > 40.0 = 95.4233 +- 0.408118

# TP/event (pt > 2) = 26.5723
# TP/event (pt > 3.0) = 15.5931
# TP/event (pt > 10.0) = 4.02741
# tracks/event (no pt cut)= 40.6003
# tracks/event (pt > 2) = 38.2234
# tracks/event (pt > 3.0) = 24.8583
# tracks/event (pt > 10.0) = 7.5898
max # tracks/event total = 216
