
efficiency for |eta| < 1.0 = 95.9599 +- 0.0708878
efficiency for 1.0 < |eta| < 1.75 = 95.2608 +- 0.103585
efficiency for 1.75 < |eta| < 2.4 = 94.2335 +- 0.156706
combined efficiency for |eta| < 2.4 = 95.4816 +- 0.0552459 = 134967/141354

efficiency for pt > 2 = 95.4816 +- 0.0552459
efficiency for 2 < pt < 8.0 = 95.3543 +- 0.0646158
efficiency for pt > 8.0 = 95.8644 +- 0.106044
efficiency for pt > 40.0 = 95.0438 +- 0.423775

# TP/event (pt > 2) = 153.902
# TP/event (pt > 3.0) = 51.3307
# TP/event (pt > 10.0) = 4.54853
# tracks/event (no pt cut)= 215.923
# tracks/event (pt > 2) = 190.133
# tracks/event (pt > 3.0) = 71.0515
# tracks/event (pt > 10.0) = 8.88813
max # tracks/event total = 352
