
efficiency for |eta| < 1.0 = 95.9598 +- 0.0590318
efficiency for 1.0 < |eta| < 1.75 = 94.7699 +- 0.0905446
efficiency for 1.75 < |eta| < 2.4 = 95.3369 +- 0.117757
combined efficiency for |eta| < 2.4 = 95.5087 +- 0.0458808 = 194622/203774

efficiency for pt > 2 = 95.5087 +- 0.0458808
efficiency for 2 < pt < 8.0 = 95.607 +- 0.0524149
efficiency for pt > 8.0 = 95.2138 +- 0.0946248
efficiency for pt > 40.0 = 93.9089 +- 0.389211

# TP/event (pt > 2) = 153.858
# TP/event (pt > 3.0) = 51.3996
# TP/event (pt > 10.0) = 4.58756
# tracks/event (no pt cut)= 180.854
# tracks/event (pt > 2) = 167.001
# tracks/event (pt > 3.0) = 58.3658
# tracks/event (pt > 10.0) = 5.92489
max # tracks/event total = 279
