
efficiency for |eta| < 1.0 = 95.9224 +- 0.0681999
efficiency for 1.0 < |eta| < 1.75 = 95.1331 +- 0.103885
efficiency for 1.75 < |eta| < 2.4 = 96.2781 +- 0.13416
combined efficiency for |eta| < 2.4 = 95.7401 +- 0.0526904 = 140646/146904

efficiency for pt > 2 = 95.7401 +- 0.0526904
efficiency for 2 < pt < 8.0 = 95.6127 +- 0.0650514
efficiency for pt > 8.0 = 96.0043 +- 0.0896063
efficiency for pt > 40.0 = 95.3883 +- 0.341456

# TP/event (pt > 2) = 26.7338
# TP/event (pt > 3.0) = 15.7111
# TP/event (pt > 10.0) = 4.05789
# tracks/event (no pt cut)= 33.0114
# tracks/event (pt > 2) = 31.7141
# tracks/event (pt > 3.0) = 19.6499
# tracks/event (pt > 10.0) = 5.41
max # tracks/event total = 137
