
efficiency for |eta| < 1.0 = 94.2125 +- 0.0700009
efficiency for 1.0 < |eta| < 1.75 = 92.745 +- 0.105559
efficiency for 1.75 < |eta| < 2.4 = 67.9139 +- 0.26034
combined efficiency for |eta| < 2.4 = 89.6291 +- 0.0675334 = 182674/203811

efficiency for pt > 2 = 89.6291 +- 0.0675334
efficiency for 2 < pt < 8.0 = 90.051 +- 0.0765648
efficiency for pt > 8.0 = 88.3643 +- 0.142014
efficiency for pt > 40.0 = 87.9438 +- 0.530037

# TP/event (pt > 2) = 153.934
# TP/event (pt > 3.0) = 51.4354
# TP/event (pt > 10.0) = 4.59711
# tracks/event (no pt cut)= 166.3
# tracks/event (pt > 2) = 154.561
# tracks/event (pt > 3.0) = 53.4116
# tracks/event (pt > 10.0) = 5.35944
max # tracks/event total = 254
