
efficiency for |eta| < 1.0 = 96.5287 +- 0.0548796
efficiency for 1.0 < |eta| < 1.75 = 95.4597 +- 0.0846696
efficiency for 1.75 < |eta| < 2.4 = 96.4223 +- 0.103731
combined efficiency for |eta| < 2.4 = 96.1948 +- 0.0423828 = 196020/203774

efficiency for pt > 2 = 96.1948 +- 0.0423828
efficiency for 2 < pt < 8.0 = 96.0145 +- 0.050031
efficiency for pt > 8.0 = 96.7365 +- 0.0787583
efficiency for pt > 40.0 = 95.8951 +- 0.322873

# TP/event (pt > 2) = 153.858
# TP/event (pt > 3.0) = 51.3996
# TP/event (pt > 10.0) = 4.58756
# tracks/event (no pt cut)= 182.12
# tracks/event (pt > 2) = 168.237
# tracks/event (pt > 3.0) = 59.3989
# tracks/event (pt > 10.0) = 6.29756
max # tracks/event total = 303
