
efficiency for |eta| < 1.0 = 95.0146 +- 0.155949
efficiency for 1.0 < |eta| < 1.75 = 93.941 +- 0.248827
efficiency for 1.75 < |eta| < 2.4 = 91.8738 +- 0.44673
combined efficiency for |eta| < 2.4 = 94.3476 +- 0.128273 = 30579/32411

efficiency for pt > 2 = 94.3476 +- 0.128273
efficiency for 2 < pt < 8.0 = 94.2228 +- 0.167715
efficiency for pt > 8.0 = 94.5325 +- 0.198943
efficiency for pt > 40.0 = 93.5908 +- 0.702059

# TP/event (pt > 2) = 7.59283
# TP/event (pt > 3.0) = 4.92861
# TP/event (pt > 10.0) = 1.66104
# tracks/event (no pt cut)= 13.7251
# tracks/event (pt > 2) = 13.149
# tracks/event (pt > 3.0) = 9.69753
# tracks/event (pt > 10.0) = 3.90518
max # tracks/event total = 161
