
efficiency for |eta| < 1.0 = 96.259 +- 0.128017
efficiency for 1.0 < |eta| < 1.75 = 93.6211 +- 0.238806
efficiency for 1.75 < |eta| < 2.4 = 76.4071 +- 0.650203
combined efficiency for |eta| < 2.4 = 93.2006 +- 0.131389 = 34213/36709

efficiency for pt > 2 = 93.2006 +- 0.131389
efficiency for 2 < pt < 8.0 = 93.3509 +- 0.168072
efficiency for pt > 8.0 = 92.9764 +- 0.210512
efficiency for pt > 40.0 = 91.7398 +- 0.744272

# TP/event (pt > 2) = 7.5969
# TP/event (pt > 3.0) = 4.92817
# TP/event (pt > 10.0) = 1.65761
# tracks/event (no pt cut)= 12.8145
# tracks/event (pt > 2) = 12.2761
# tracks/event (pt > 3.0) = 8.96437
# tracks/event (pt > 10.0) = 3.57577
max # tracks/event total = 177
