
efficiency for |eta| < 1.0 = 95.1724 +- 0.0642628
efficiency for 1.0 < |eta| < 1.75 = 94.2506 +- 0.0946734
efficiency for 1.75 < |eta| < 2.4 = 95.1123 +- 0.120417
combined efficiency for |eta| < 2.4 = 94.8894 +- 0.048783 = 193360/203774

efficiency for pt > 2 = 94.8894 +- 0.048783
efficiency for 2 < pt < 8.0 = 95.0941 +- 0.0552411
efficiency for pt > 8.0 = 94.2746 +- 0.102981
efficiency for pt > 40.0 = 93.2468 +- 0.408371

# TP/event (pt > 2) = 153.858
# TP/event (pt > 3.0) = 51.3996
# TP/event (pt > 10.0) = 4.58756
# tracks/event (no pt cut)= 180.208
# tracks/event (pt > 2) = 166.399
# tracks/event (pt > 3.0) = 58.0294
# tracks/event (pt > 10.0) = 5.83878
max # tracks/event total = 275
