
efficiency for |eta| < 1.0 = 96.7295 +- 0.127446
efficiency for 1.0 < |eta| < 1.75 = 94.0933 +- 0.245879
efficiency for 1.75 < |eta| < 2.4 = 92.4619 +- 0.431637
combined efficiency for |eta| < 2.4 = 95.4892 +- 0.115281 = 30949/32411

efficiency for pt > 2 = 95.4892 +- 0.115281
efficiency for 2 < pt < 8.0 = 95.3028 +- 0.152093
efficiency for pt > 8.0 = 95.7654 +- 0.176221
efficiency for pt > 40.0 = 94.3303 +- 0.662918

# TP/event (pt > 2) = 7.59283
# TP/event (pt > 3.0) = 4.92861
# TP/event (pt > 10.0) = 1.66104
# tracks/event (no pt cut)= 13.8795
# tracks/event (pt > 2) = 13.3033
# tracks/event (pt > 3.0) = 9.86183
# tracks/event (pt > 10.0) = 3.9659
max # tracks/event total = 216
