
efficiency for |eta| < 1.0 = 96.1599 +- 0.0576063
efficiency for 1.0 < |eta| < 1.75 = 94.3 +- 0.0943463
efficiency for 1.75 < |eta| < 2.4 = 69.382 +- 0.257048
combined efficiency for |eta| < 2.4 = 91.3847 +- 0.0621525 = 186252/203811

efficiency for pt > 2 = 91.3847 +- 0.0621525
efficiency for 2 < pt < 8.0 = 91.429 +- 0.0716065
efficiency for pt > 8.0 = 91.2516 +- 0.125135
efficiency for pt > 40.0 = 91.097 +- 0.463575

# TP/event (pt > 2) = 153.934
# TP/event (pt > 3.0) = 51.4354
# TP/event (pt > 10.0) = 4.59711
# tracks/event (no pt cut)= 168.207
# tracks/event (pt > 2) = 156.371
# tracks/event (pt > 3.0) = 54.6733
# tracks/event (pt > 10.0) = 5.77833
max # tracks/event total = 343
