
efficiency for |eta| < 1.0 = 96.3302 +- 0.111103
efficiency for 1.0 < |eta| < 1.75 = 94.4121 +- 0.19721
efficiency for 1.75 < |eta| < 2.4 = 65.9539 +- 0.646165
combined efficiency for |eta| < 2.4 = 92.35 +- 0.12185 = 43942/47582

efficiency for pt > 2 = 92.35 +- 0.12185
efficiency for 2 < pt < 8.0 = 92.612 +- 0.155039
efficiency for pt > 8.0 = 91.96 +- 0.19666
efficiency for pt > 40.0 = 91.5629 +- 0.661397

# TP/event (pt > 2) = 7.73922
# TP/event (pt > 3.0) = 5.04189
# TP/event (pt > 10.0) = 1.70033
# tracks/event (no pt cut)= 10.3306
# tracks/event (pt > 2) = 10.0516
# tracks/event (pt > 3.0) = 7.09344
# tracks/event (pt > 10.0) = 2.61589
max # tracks/event total = 192
