
efficiency for |eta| < 1.0 = 95.248 +- 0.08815
efficiency for 1.0 < |eta| < 1.75 = 94.7022 +- 0.129826
efficiency for 1.75 < |eta| < 2.4 = 92.4458 +- 0.226206
combined efficiency for |eta| < 2.4 = 94.712 +- 0.0701883 = 96288/101664

efficiency for pt > 2 = 94.712 +- 0.0701883
efficiency for 2 < pt < 8.0 = 94.7507 +- 0.0851606
efficiency for pt > 8.0 = 94.6317 +- 0.123918
efficiency for pt > 40.0 = 93.9359 +- 0.466103

# TP/event (pt > 2) = 26.5723
# TP/event (pt > 3.0) = 15.5931
# TP/event (pt > 10.0) = 4.02741
# tracks/event (no pt cut)= 38.9855
# tracks/event (pt > 2) = 36.6214
# tracks/event (pt > 3.0) = 23.316
# tracks/event (pt > 10.0) = 6.84175
max # tracks/event total = 132
