
efficiency for |eta| < 1.0 = 95.6718 +- 0.145809
efficiency for 1.0 < |eta| < 1.75 = 93.2122 +- 0.262344
efficiency for 1.75 < |eta| < 2.4 = 89.3077 +- 0.505227
combined efficiency for |eta| < 2.4 = 94.2396 +- 0.129419 = 30544/32411

efficiency for pt > 2 = 94.2396 +- 0.129419
efficiency for 2 < pt < 8.0 = 94.2642 +- 0.167151
efficiency for pt > 8.0 = 94.2032 +- 0.204489
efficiency for pt > 40.0 = 93.2621 +- 0.71857

# TP/event (pt > 2) = 7.59283
# TP/event (pt > 3.0) = 4.92861
# TP/event (pt > 10.0) = 1.66104
# tracks/event (no pt cut)= 12.7136
# tracks/event (pt > 2) = 12.148
# tracks/event (pt > 3.0) = 8.80956
# tracks/event (pt > 10.0) = 3.47873
max # tracks/event total = 132
