
efficiency for |eta| < 1.0 = 95.7681 +- 0.322403
efficiency for 1.0 < |eta| < 1.75 = 90.8571 +- 0.688972
efficiency for 1.75 < |eta| < 2.4 = 72.5522 +- 1.78787
combined efficiency for |eta| < 2.4 = 92.0918 +- 0.340757 = 5776/6272

efficiency for pt > 2 = 92.0918 +- 0.340757
efficiency for 2 < pt < 8.0 = 92.9177 +- 0.44629
efficiency for pt > 8.0 = 91.1725 +- 0.520737
efficiency for pt > 40.0 = 89.6714 +- 1.4745

# TP/event (pt > 2) = 1.16549
# TP/event (pt > 3.0) = 0.834366
# TP/event (pt > 10.0) = 0.347042
# tracks/event (no pt cut)= 2.31577
# tracks/event (pt > 2) = 2.25338
# tracks/event (pt > 3.0) = 1.82676
# tracks/event (pt > 10.0) = 0.896761
max # tracks/event total = 161
