
efficiency for |eta| < 1.0 = 91.6947 +- 0.388524
efficiency for 1.0 < |eta| < 1.75 = 85.4205 +- 0.754447
efficiency for 1.75 < |eta| < 2.4 = 80.4124 +- 1.42469
combined efficiency for |eta| < 2.4 = 88.8875 +- 0.351186 = 7119/8009

efficiency for pt > 2 = 88.8875 +- 0.351186
efficiency for 2 < pt < 8.0 = 90.6198 +- 0.449288
efficiency for pt > 8.0 = 86.9668 +- 0.546292
efficiency for pt > 40.0 = 85.7944 +- 1.50932

# TP/event (pt > 2) = 1.16956
# TP/event (pt > 3.0) = 0.840444
# TP/event (pt > 10.0) = 0.349778
# tracks/event (no pt cut)= 1.57189
# tracks/event (pt > 2) = 1.53667
# tracks/event (pt > 3.0) = 1.174
# tracks/event (pt > 10.0) = 0.527889
max # tracks/event total = 84
