
efficiency for |eta| < 1.0 = 96.4004 +- 0.0726134
efficiency for 1.0 < |eta| < 1.75 = 94.7938 +- 0.12079
efficiency for 1.75 < |eta| < 2.4 = 77.826 +- 0.334254
combined efficiency for |eta| < 2.4 = 93.4352 +- 0.0730064 = 107528/115083

efficiency for pt > 2 = 93.4352 +- 0.0730064
efficiency for 2 < pt < 8.0 = 93.3932 +- 0.0891257
efficiency for pt > 8.0 = 93.5223 +- 0.127264
efficiency for pt > 40.0 = 92.4579 +- 0.484551

# TP/event (pt > 2) = 26.5942
# TP/event (pt > 3.0) = 15.608
# TP/event (pt > 10.0) = 4.02479
# tracks/event (no pt cut)= 38.8092
# tracks/event (pt > 2) = 36.5597
# tracks/event (pt > 3.0) = 23.3849
# tracks/event (pt > 10.0) = 7.01
max # tracks/event total = 177
