
efficiency for |eta| < 1.0 = 96.5807 +- 0.0654246
efficiency for 1.0 < |eta| < 1.75 = 95.2799 +- 0.103387
efficiency for 1.75 < |eta| < 2.4 = 94.3149 +- 0.155664
combined efficiency for |eta| < 2.4 = 95.8388 +- 0.053116 = 135472/141354

efficiency for pt > 2 = 95.8388 +- 0.053116
efficiency for 2 < pt < 8.0 = 95.6559 +- 0.0625818
efficiency for pt > 8.0 = 96.3892 +- 0.0993591
efficiency for pt > 40.0 = 95.387 +- 0.40958

# TP/event (pt > 2) = 153.902
# TP/event (pt > 3.0) = 51.3307
# TP/event (pt > 10.0) = 4.54853
# tracks/event (no pt cut)= 215.277
# tracks/event (pt > 2) = 189.516
# tracks/event (pt > 3.0) = 70.8177
# tracks/event (pt > 10.0) = 8.84128
max # tracks/event total = 356
