
efficiency for |eta| < 1.0 = 96.2813 +- 0.0681231
efficiency for 1.0 < |eta| < 1.75 = 95.1182 +- 0.105053
efficiency for 1.75 < |eta| < 2.4 = 93.7636 +- 0.16256
combined efficiency for |eta| < 2.4 = 95.541 +- 0.0548985 = 135051/141354

efficiency for pt > 2 = 95.541 +- 0.0548985
efficiency for 2 < pt < 8.0 = 95.4458 +- 0.0640074
efficiency for pt > 8.0 = 95.8275 +- 0.106495
efficiency for pt > 40.0 = 94.9676 +- 0.426851

# TP/event (pt > 2) = 153.902
# TP/event (pt > 3.0) = 51.3307
# TP/event (pt > 10.0) = 4.54853
# tracks/event (no pt cut)= 214.254
# tracks/event (pt > 2) = 188.504
# tracks/event (pt > 3.0) = 69.8147
# tracks/event (pt > 10.0) = 8.38056
max # tracks/event total = 327
