
efficiency for |eta| < 1.0 = 95.9436 +- 0.0591449
efficiency for 1.0 < |eta| < 1.75 = 95.1652 +- 0.0872368
efficiency for 1.75 < |eta| < 2.4 = 96.3381 +- 0.104899
combined efficiency for |eta| < 2.4 = 95.7747 +- 0.0445634 = 195164/203774

efficiency for pt > 2 = 95.7747 +- 0.0445634
efficiency for 2 < pt < 8.0 = 95.69 +- 0.0519395
efficiency for pt > 8.0 = 96.0292 +- 0.0865568
efficiency for pt > 40.0 = 95.3919 +- 0.341192

# TP/event (pt > 2) = 153.858
# TP/event (pt > 3.0) = 51.3996
# TP/event (pt > 10.0) = 4.58756
# tracks/event (no pt cut)= 181.325
# tracks/event (pt > 2) = 167.473
# tracks/event (pt > 3.0) = 58.8088
# tracks/event (pt > 10.0) = 6.11222
max # tracks/event total = 287
