
efficiency for |eta| < 1.0 = 94.7806 +- 0.0866998
efficiency for 1.0 < |eta| < 1.75 = 94.2173 +- 0.126915
efficiency for 1.75 < |eta| < 2.4 = 75.819 +- 0.344523
combined efficiency for |eta| < 2.4 = 92.0701 +- 0.0796505 = 105957/115083

efficiency for pt > 2 = 92.0701 +- 0.0796505
efficiency for 2 < pt < 8.0 = 92.3466 +- 0.0953868
efficiency for pt > 8.0 = 91.4958 +- 0.144229
efficiency for pt > 40.0 = 90.5724 +- 0.536192

# TP/event (pt > 2) = 26.5942
# TP/event (pt > 3.0) = 15.608
# TP/event (pt > 10.0) = 4.02479
# tracks/event (no pt cut)= 38.2896
# tracks/event (pt > 2) = 36.0466
# tracks/event (pt > 3.0) = 22.7718
# tracks/event (pt > 10.0) = 6.66577
max # tracks/event total = 143
