
efficiency for |eta| < 1.0 = 96.6368 +- 0.0746965
efficiency for 1.0 < |eta| < 1.75 = 95.2128 +- 0.123743
efficiency for 1.75 < |eta| < 2.4 = 93.8526 +- 0.205606
combined efficiency for |eta| < 2.4 = 95.8461 +- 0.0625793 = 97441/101664

efficiency for pt > 2 = 95.8461 +- 0.0625793
efficiency for 2 < pt < 8.0 = 95.5994 +- 0.0783219
efficiency for pt > 8.0 = 96.3576 +- 0.102999
efficiency for pt > 40.0 = 95.3852 +- 0.409733

# TP/event (pt > 2) = 26.5723
# TP/event (pt > 3.0) = 15.5931
# TP/event (pt > 10.0) = 4.02741
# tracks/event (no pt cut)= 40.4905
# tracks/event (pt > 2) = 38.1116
# tracks/event (pt > 3.0) = 24.7496
# tracks/event (pt > 10.0) = 7.53195
max # tracks/event total = 188
