
efficiency for |eta| < 1.0 = 95.4479 +- 0.0750445
efficiency for 1.0 < |eta| < 1.75 = 94.8806 +- 0.107445
efficiency for 1.75 < |eta| < 2.4 = 93.393 +- 0.166989
combined efficiency for |eta| < 2.4 = 94.9573 +- 0.0582023 = 134226/141354

efficiency for pt > 2 = 94.9573 +- 0.0582023
efficiency for 2 < pt < 8.0 = 95.0197 +- 0.0667847
efficiency for pt > 8.0 = 94.7695 +- 0.118575
efficiency for pt > 40.0 = 93.862 +- 0.468662

# TP/event (pt > 2) = 153.902
# TP/event (pt > 3.0) = 51.3307
# TP/event (pt > 10.0) = 4.54853
# tracks/event (no pt cut)= 214.271
# tracks/event (pt > 2) = 188.514
# tracks/event (pt > 3.0) = 69.4467
# tracks/event (pt > 10.0) = 8.12845
max # tracks/event total = 329
