
efficiency for |eta| < 1.0 = 96.5859 +- 0.107622
efficiency for 1.0 < |eta| < 1.75 = 95.2209 +- 0.184773
efficiency for 1.75 < |eta| < 2.4 = 95.7151 +- 0.274048
combined efficiency for |eta| < 2.4 = 96.1003 +- 0.0890495 = 45417/47260

efficiency for pt > 2 = 96.1003 +- 0.0890495
efficiency for 2 < pt < 8.0 = 95.9209 +- 0.117756
efficiency for pt > 8.0 = 96.3661 +- 0.135606
efficiency for pt > 40.0 = 94.8119 +- 0.529569

# TP/event (pt > 2) = 7.69567
# TP/event (pt > 3.0) = 5.00778
# TP/event (pt > 10.0) = 1.687
# tracks/event (no pt cut)= 10.8724
# tracks/event (pt > 2) = 10.563
# tracks/event (pt > 3.0) = 7.47511
# tracks/event (pt > 10.0) = 2.744
max # tracks/event total = 139
